**********New session started at: 2019-01-25T14:40:57.633**********
